../Core/Src/lcd.c:16:20:LCD_WritePins	80	static
../Core/Src/lcd.c:40:23:LCD_ReadPins	72	static
../Core/Src/lcd.c:65:13:LCD_SetDataInputMode	32	static
../Core/Src/lcd.c:99:13:LCD_SetDataOutputMode	32	static
../Core/Src/lcd.c:133:9:LCD_Read	16	static
../Core/Src/lcd.c:150:6:LCD_Write	16	static
../Core/Src/lcd.c:171:6:LCD_Char	16	static
../Core/Src/lcd.c:179:6:LCD_String	24	static
../Core/Src/lcd.c:187:6:LCD_Int	40	static
../Core/Src/lcd.c:195:6:LCD_Hex	40	static
../Core/Src/lcd.c:207:6:LCD_CustomChar	24	static
../Core/Src/lcd.c:217:6:LCD_Home	8	static
../Core/Src/lcd.c:223:9:LCD_CheckBusyFlag	8	static
../Core/Src/lcd.c:230:6:LCD_Cursor	16	static
../Core/Src/lcd.c:239:6:LCD_Blink	16	static
../Core/Src/lcd.c:248:6:LCD_SetLocation	24	static
../Core/Src/lcd.c:259:6:LCD_InitBuffer	16	static
../Core/Src/lcd.c:268:6:PrintLCD_Buffer	16	static
../Core/Src/lcd.c:281:6:LCD_UpdateBuffer	24	static
../Core/Src/lcd.c:290:6:LCD_FlushBuffer	16	static
../Core/Src/lcd.c:301:6:LCD_Clear	8	static
../Core/Src/lcd.c:307:6:LCD_Print	16	static
../Core/Src/lcd.c:316:6:LCD_Add	16	static
../Core/Src/lcd.c:324:6:LCD_Delay_us	16	static
../Core/Src/lcd.c:331:6:LCD_Delay_ms	16	static
../Core/Src/lcd.c:339:6:LCD_Init	8	static
